python : Traceback (most recent call last):
At line:1 char:1
+ python examples/multimodal_perception_test.py > 
test_output.txt 2>&1
+ ~~~~~~~~~~~~~~~~~~~~~~~~~~~~~~~~~~~~~~~~~~~~~~~~
~~~~~~~~~~~~~~~~~~~~
    + CategoryInfo          : NotSpecified:     
(Traceback (most recent call last)::Stri    ng) 
[], RemoteException
    + FullyQualifiedErrorId : NativeCommandE    
rror
 
  File "C:\Users\surya\In Use\Personal\UltOrg\Airb
orne.HRS\MirrorMind\examples\multimodal_perception
_test.py", line 85, in <module>
    test_multimodal_perception()
    ~~~~~~~~~~~~~~~~~~~~~~~~~~^^
  File "C:\Users\surya\In Use\Personal\UltOrg\Airb
orne.HRS\MirrorMind\examples\multimodal_perception
_test.py", line 9, in test_multimodal_perception
    print("\U0001f680 Testing Multi-Modal 
Perception Interface...")
    ~~~~~^^^^^^^^^^^^^^^^^^^^^^^^^^^^^^^^^^^^^^^^^
^^^^^^^^^
  File "C:\Python313\Lib\encodings\cp1252.py", 
line 19, in encode
    return codecs.charmap_encode(input,self.errors
,encoding_table)[0]
           ~~~~~~~~~~~~~~~~~~~~~^^^^^^^^^^^^^^^^^^
^^^^^^^^^^^^^^^^
UnicodeEncodeError: 'charmap' codec can't encode 
character '\U0001f680' in position 0: character 
maps to <undefined>
