============================= test session starts =============================
platform win32 -- Python 3.12.7, pytest-8.3.5, pluggy-1.6.0
benchmark: 5.1.0 (defaults: timer=time.perf_counter disable_gc=False min_rounds=5 min_time=0.000005 max_time=1.0 calibration_precision=10 warmup=False warmup_iterations=100000)
rootdir: C:\Users\surya\In Use\Personal\UltOrg\Airborne.HRS\MirrorMind
configfile: pyproject.toml
plugins: anyio-4.2.0, benchmark-5.1.0
collected 4 items

tests\test_omega_gauntlet.py F.FF                                        [100%]

================================== FAILURES ===================================
____________ TestChronoStability.test_continual_learning_retention ____________

self = <test_omega_gauntlet.TestChronoStability object at 0x000002202444EC00>

    def test_continual_learning_retention(self):
        input_dim = 10
        model = SimpleModel(input_dim)
    
        # Use a preset that enables memory replay
        config = PRESETS.fast()
        config.memory_buffer_size = 500
        config.replay_ratio = 0.5 # Force replay
        config.enable_consciousness = False # Focus on memory for this test
    
        learner = AdaptiveMetaLearner(model, config)
    
        # 1. Train Task A
        loader_a = get_dataloader("A", samples=200)
        for epoch in range(5):
            for X, y in loader_a:
                learner.train_step(X, target_data=y)
    
        # Verify Task A learned
        loss_a_initial = self._eval(learner, "A")
>       assert loss_a_initial < 0.1, f"Failed to learn Task A initially. Loss: {loss_a_initial}"
E       AssertionError: Failed to learn Task A initially. Loss: 13.219304084777832
E       assert 13.219304084777832 < 0.1

tests\test_omega_gauntlet.py:77: AssertionError
---------------------------- Captured stdout call -----------------------------
[BRAIN] Unified Memory System Online (si)
[ADAPTER] Optimizer attached to 0 adapters.
≡ƒÜÇ AirborneHRS Framework Initialized (V8.0 Sentient Edition)
------------------------------ Captured log call ------------------------------
INFO     AdaptiveFramework:core.py:361 [BRAIN] Unified Memory System Online (si)
INFO     AdaptiveFramework:core.py:400 [ADAPTER] Optimizer attached to 0 adapters.
INFO     AdaptiveFramework:core.py:448 ≡ƒÜÇ AirborneHRS Framework Initialized (V8.0 Sentient Edition)
__________________ TestNeuralResilience.test_damage_recovery __________________

self = <test_omega_gauntlet.TestNeuralResilience object at 0x0000022024480F50>

    def test_damage_recovery(self):
        input_dim = 10
        model = SimpleModel(input_dim)
        config = PRESETS.fast()
        learner = AdaptiveMetaLearner(model, config)
    
        # 1. Train to convergence
        loader = get_dataloader("A", samples=200)
        for _ in range(5):
            for X, y in loader:
                learner.train_step(X, target_data=y)
    
        loss_before = self._eval(learner)
        print(f"Loss Before Damage: {loss_before}")
    
        # 2. INFLICT DAMAGE (Zero out 15% of weights)
        with torch.no_grad():
            for param in model.parameters():
                if param.requires_grad:
                    mask = (torch.rand_like(param) > 0.15).float()
                    param.data *= mask
    
        loss_damaged = self._eval(learner)
        print(f"Loss After Damage: {loss_damaged}")
        assert loss_damaged > loss_before, "Damage didn't degrade performance (Test Invalid)"
    
        # 3. Fast Adaptation (5 steps)
        # We use the meta-learner's ability to adapt quickly
        X_adapt, y_adapt = generate_task_data("A", samples=50)
        for _ in range(5):
             learner.train_step(X_adapt, target_data=y_adapt)
    
        loss_recovered = self._eval(learner)
        print(f"Loss Recovered: {loss_recovered}")
    
        # ASSERT: Recover at least 50% of lost performance
        # Performance lost = loss_damaged - loss_before
        # Performance recovered = loss_damaged - loss_recovered
        # We want (loss_damaged - loss_recovered) / (loss_damaged - loss_before) >= 0.5
        recovery_ratio = (loss_damaged - loss_recovered) / (loss_damaged - loss_before + 1e-9)
    
>       assert recovery_ratio >= 0.5, f"Failed to recover from brain damage. Ratio: {recovery_ratio:.2f}"
E       AssertionError: Failed to recover from brain damage. Ratio: 0.49
E       assert 0.48581658540972317 >= 0.5

tests\test_omega_gauntlet.py:201: AssertionError
---------------------------- Captured stdout call -----------------------------
[BRAIN] Unified Memory System Online (si)
[ADAPTER] Optimizer attached to 0 adapters.
≡ƒÜÇ AirborneHRS Framework Initialized (V8.0 Sentient Edition)
Loss Before Damage: 7.120156764984131
Loss After Damage: 9.64078426361084
Loss Recovered: 8.416221618652344
------------------------------ Captured log call ------------------------------
INFO     AdaptiveFramework:core.py:361 [BRAIN] Unified Memory System Online (si)
INFO     AdaptiveFramework:core.py:400 [ADAPTER] Optimizer attached to 0 adapters.
INFO     AdaptiveFramework:core.py:448 ≡ƒÜÇ AirborneHRS Framework Initialized (V8.0 Sentient Edition)
__________________ TestTheMirror.test_confidence_calibration __________________

self = <test_omega_gauntlet.TestTheMirror object at 0x00000220244811F0>

    def test_confidence_calibration(self):
        # We need a model that outputs confidence or use the consciousness module
        # Since SimpleModel is regression, we rely on ConsciousnessModule's confidence estimation
        consciousness = ConsciousnessModule(feature_dim=16)
    
        confidences = []
        accuracies = [] # Or negative errors
    
        # Generate a spectrum of errors
        for i in range(20):
            # Create synthetic predictions with varying error
            # Error increases with i
            error_scale = i * 0.5
    
            y_true = torch.zeros(10, 1)
            y_pred = torch.randn(10, 1) * error_scale # Increasing error
    
            # Features don't matter much for this synthetic test of the module itself
            features = torch.randn(10, 16)
    
            metrics = consciousness.observe(
                features,
                y_true=y_true,
                y_pred=y_pred,
                features=features
            )
    
            # Consciousness module should output lower confidence for higher error
            conf = metrics.get('confidence', 0.5)
    
            # Actual "Accuracy" (inverse of error)
            # We use negative MSE as a proxy for accuracy in regression
            mse = nn.MSELoss()(y_pred, y_true).item()
            acc = -mse
    
            confidences.append(conf)
            accuracies.append(acc)
    
        # Calculate Pearson Correlation
        conf_tensor = torch.tensor(confidences)
        acc_tensor = torch.tensor(accuracies)
    
        # Normalize
        conf_tensor = (conf_tensor - conf_tensor.mean()) / (conf_tensor.std() + 1e-9)
        acc_tensor = (acc_tensor - acc_tensor.mean()) / (acc_tensor.std() + 1e-9)
    
        correlation = (conf_tensor * acc_tensor).mean().item()
    
        print(f"Self-Model Correlation: {correlation}")
    
        # ASSERT: Correlation > 0.7
        # Note: Since we used negative MSE for accuracy, higher confidence should correlate with higher (less negative) accuracy.
>       assert correlation > 0.7, f"Model is deluded. Correlation: {correlation:.2f}"
E       AssertionError: Model is deluded. Correlation: 0.53
E       assert 0.5348683595657349 > 0.7

tests\test_omega_gauntlet.py:267: AssertionError
---------------------------- Captured stdout call -----------------------------
DEBUG: Initializing Global Workspace with dim=16, num_heads=4
Self-Model Correlation: 0.5348683595657349
============================== warnings summary ===============================
tests\test_omega_gauntlet.py:51
  C:\Users\surya\In Use\Personal\UltOrg\Airborne.HRS\MirrorMind\tests\test_omega_gauntlet.py:51: PytestUnknownMarkWarning: Unknown pytest.mark.extreme - is this a typo?  You can register custom marks to avoid this warning - for details, see https://docs.pytest.org/en/stable/how-to/mark.html
    @pytest.mark.extreme

tests\test_omega_gauntlet.py:112
  C:\Users\surya\In Use\Personal\UltOrg\Airborne.HRS\MirrorMind\tests\test_omega_gauntlet.py:112: PytestUnknownMarkWarning: Unknown pytest.mark.extreme - is this a typo?  You can register custom marks to avoid this warning - for details, see https://docs.pytest.org/en/stable/how-to/mark.html
    @pytest.mark.extreme

tests\test_omega_gauntlet.py:155
  C:\Users\surya\In Use\Personal\UltOrg\Airborne.HRS\MirrorMind\tests\test_omega_gauntlet.py:155: PytestUnknownMarkWarning: Unknown pytest.mark.extreme - is this a typo?  You can register custom marks to avoid this warning - for details, see https://docs.pytest.org/en/stable/how-to/mark.html
    @pytest.mark.extreme

tests\test_omega_gauntlet.py:210
  C:\Users\surya\In Use\Personal\UltOrg\Airborne.HRS\MirrorMind\tests\test_omega_gauntlet.py:210: PytestUnknownMarkWarning: Unknown pytest.mark.extreme - is this a typo?  You can register custom marks to avoid this warning - for details, see https://docs.pytest.org/en/stable/how-to/mark.html
    @pytest.mark.extreme

-- Docs: https://docs.pytest.org/en/stable/how-to/capture-warnings.html
=========================== short test summary info ===========================
FAILED tests/test_omega_gauntlet.py::TestChronoStability::test_continual_learning_retention
FAILED tests/test_omega_gauntlet.py::TestNeuralResilience::test_damage_recovery
FAILED tests/test_omega_gauntlet.py::TestTheMirror::test_confidence_calibration
=================== 3 failed, 1 passed, 4 warnings in 5.32s ===================
